'Bures.matrixSqrt_mul_self' depends on axioms: [propext, Classical.choice, Quot.sound]
'Bures.matrixSqrt_unique' depends on axioms: [propext, Classical.choice, Quot.sound]
'Bures.exact_problem_equivalence' depends on axioms: [propext, Classical.choice, Quot.sound]
'Bures.sandwich_posSemidef' depends on axioms: [propext, Classical.choice, Quot.sound]
'Bures.distance_self' depends on axioms: [propext, Classical.choice, Quot.sound]
'Bures.hermitian_commutator_iff_commute' depends on axioms: [propext, Classical.choice, Quot.sound]
'BuresSupport.compact_isometry_surjective' depends on axioms: [propext, Classical.choice, Quot.sound]
'BuresSupport.surjective_of_preserves_compact_sublevels' depends on axioms: [propext, Classical.choice, Quot.sound]
'BuresSupport.exists_isometry_extension' depends on axioms: [propext, Classical.choice, Quot.sound]
'BuresSupport.isCompact_psd_trace_sublevel' depends on axioms: [propext, Classical.choice, Quot.sound]
'Bures.sylvester_common_commutant_iff' depends on axioms: [propext, Classical.choice, Quot.sound]
'Bures.hermitian_common_commutant_iff' depends on axioms: [propext, Classical.choice, Quot.sound]
'Bures.radial_tangent_of_common_commutant' depends on axioms: [propext, Classical.choice, Quot.sound]
'Bures.posDef_sylvester_existsUnique' depends on axioms: [propext, Classical.choice, Quot.sound]
'Bures.posDef_hermitian_sylvester_existsUnique' depends on axioms: [propext, Classical.choice, Quot.sound]
'Bures.distance_scale' depends on axioms: [propext, Classical.choice, Quot.sound]
'Bures.radicand_nonneg' depends on axioms: [propext, Classical.choice, Quot.sound]
'Bures.distance_eq_zero_iff' depends on axioms: [propext, Classical.choice, Quot.sound]
'Bures.fidelityRoot_comm' depends on axioms: [propext, Classical.choice, Quot.sound]
'Bures.tr_mul_le_of_unitary' depends on axioms: [propext, Classical.choice, Quot.sound]
'Bures.fidelityRoot_variational' depends on axioms: [propext, Classical.choice, Quot.sound]
'Bures.distance_triangle' depends on axioms: [propext, Classical.choice, Quot.sound]
'Bures.frobenius_gram_difference_le' depends on axioms: [propext, Classical.choice, Quot.sound]
'Bures.frobenius_sub_le_distance' depends on axioms: [propext, Classical.choice, Quot.sound]
'Bures.continuous_distance' depends on axioms: [propext, Classical.choice, Quot.sound]
'Bures.surjective_of_semidefinite_extension' depends on axioms: [propext, Classical.choice, Quot.sound]
'Bures.posDef_iff_fidelity_separates' depends on axioms: [propext, Classical.choice, Quot.sound]
'Bures.posDef_image_iff_of_fidelity_bijection' depends on axioms: [propext, Classical.choice, Quot.sound]
'Bures.psdDistance_triangle' depends on axioms: [propext, Classical.choice, Quot.sound]
'Bures.radicand_nonneg_psd' depends on axioms: [propext, Classical.choice, Quot.sound]
'Bures.preserves_fidelity_of_psdZero_fixed' depends on axioms: [propext, Classical.choice, Quot.sound]
'Bures.psdDistance_eq_zero_imp' depends on axioms: [propext, Classical.choice, Quot.sound]
'Bures.positiveDefiniteMetricSpace' depends on axioms: [propext, Classical.choice, Quot.sound]
'Bures.psdMetricSpace' depends on axioms: [propext, Classical.choice, Quot.sound]
'Bures.psdProperSpace' depends on axioms: [propext, Classical.choice, Quot.sound]
'Bures.psdCompleteSpace' depends on axioms: [propext, Classical.choice, Quot.sound]
'Bures.isometry_pdInclusion' depends on axioms: [propext, Classical.choice, Quot.sound]
'Bures.exists_psd_isometric_extension' depends on axioms: [propext, Classical.choice, Quot.sound]
'Bures.surjective_of_preserves_trace' depends on axioms: [propext, Classical.choice, Quot.sound]
'Bures.exists_psd_isometric_extension' depends on axioms: [propext, Classical.choice, Quot.sound]
'Bures.surjective_of_preserves_trace' depends on axioms: [propext, Classical.choice, Quot.sound]
